line11111111
line2bbbaaa2
line33333333
